// Vitest Snapshot v1

exports[`Carousel.vue > render correctly 1`] = `
"<div data-v-aaedb532=\\"\\">
  <div class=\\"carousel scroll-snap\\" data-v-aaedb532=\\"\\">
    <div class=\\"carousel-item\\" data-v-f78923cf=\\"\\"></div>
    <div class=\\"carousel-item\\" data-v-f78923cf=\\"\\"></div>
  </div>
</div>"
`;
